// Jest Snapshot v1, https://goo.gl/fbAQLP

exports[`UserModule (e2e) GET /api/v1/users 1`] = `
Array [
  Object {
    "email": "joshcummingsdesign@gmail.com",
    "firstName": "Josh",
    "id": 998,
    "instrument": "guitar",
    "lastName": "Cummings",
    "role": "student",
  },
  Object {
    "email": "kurtrosenwinkel@gmail.com",
    "firstName": "Kurt",
    "id": 999,
    "instrument": "guitar",
    "lastName": "Rosenwinkel",
    "role": "teacher",
  },
]
`;
